// 重构日志: f49cce5e
// 重构日志: 46da884e
// 重构日志: b06d27b3
// 重构日志: e730d8d6
// 同步 ID: 2607c3b9 @ Tue Jul 28 07:34:30 UTC 2026
// 重构日志: 9a3b5545
// 重构日志: fdb2d65d
// 同步 ID: 16eb2cc5 @ Wed Jul 29 17:39:50 UTC 2026
// 同步 ID: 1fcc102f @ Wed Jul 29 21:44:14 UTC 2026
// 同步 ID: 255fe767 @ Thu Jul 30 01:48:37 UTC 2026
// 重构日志: a241f799
// 同步 ID: 4fe21a81 @ Sat Aug  1 01:13:47 UTC 2026
// 重构日志: b48f4876
// 同步 ID: 4ef91d9c @ Sun Aug  2 10:35:35 UTC 2026
// 重构日志: a5fa031a
// 重构日志: a7d19ba8
// 同步 ID: 4eeb17b1 @ Mon Aug  3 16:36:56 UTC 2026
// 重构日志: fa175d0d
// 重构日志: 5904c64c
// 同步 ID: 372bf8a0 @ Fri Aug  7 03:33:44 UTC 2026
// 同步 ID: 5945b015 @ Fri Aug  7 08:58:56 UTC 2026
// 重构日志: e68241db
// 同步 ID: 08b58770 @ Fri Aug  7 12:31:13 UTC 2026
// 同步 ID: 0de6912f @ Fri Aug  7 14:36:16 UTC 2026
// 同步 ID: 135435c9 @ Fri Aug  7 16:51:47 UTC 2026
// 重构日志: f9989a1a
// 重构日志: 166520ea
// 同步 ID: 49b63525 @ Sat Aug  8 06:07:55 UTC 2026
// 重构日志: 19d8bb70
// 同步 ID: 318c30b8 @ Sat Aug  8 12:11:17 UTC 2026
